// Jest Snapshot v1, https://goo.gl/fbAQLP

exports[`matches the snapshot 1`] = `
<DocumentFragment>
  <a
    class="CompanyCard card"
    href="/companies/"
  >
    <div
      class="card-body"
    >
      <h6
        class="card-title"
      />
      <p>
        <small />
      </p>
    </div>
  </a>
</DocumentFragment>
`;
