// Jest Snapshot v1, https://goo.gl/fbAQLP

exports[`matches the snapshot 1`] = `
<DocumentFragment>
  <div
    class="homepage"
  >
    <h1
      class="homepage-title"
    >
      Jobly
    </h1>
    <p
      class="homepage-subtitle"
    >
      A job board app
    </p>
  </div>
</DocumentFragment>
`;
